Release 14.7 - xst P.20131013 (lin64)
Copyright (c) 1995-2013 Xilinx, Inc.  All rights reserved.
--> 
Parameter TMPDIR set to xst/projnav.tmp


Total REAL time to Xst completion: 0.00 secs
Total CPU time to Xst completion: 0.22 secs
 
--> 
Parameter xsthdpdir set to xst


Total REAL time to Xst completion: 0.00 secs
Total CPU time to Xst completion: 0.22 secs
 
--> 
Reading design: top.prj

TABLE OF CONTENTS
  1) Synthesis Options Summary
  2) HDL Parsing
  3) HDL Elaboration
  4) HDL Synthesis
       4.1) HDL Synthesis Report
  5) Advanced HDL Synthesis
       5.1) Advanced HDL Synthesis Report
  6) Low Level Synthesis
  7) Partition Report
  8) Design Summary
       8.1) Primitive and Black Box Usage
       8.2) Device utilization summary
       8.3) Partition Resource Summary
       8.4) Timing Report
            8.4.1) Clock Information
            8.4.2) Asynchronous Control Signals Information
            8.4.3) Timing Summary
            8.4.4) Timing Details
            8.4.5) Cross Clock Domains Report


=========================================================================
*                      Synthesis Options Summary                        *
=========================================================================
---- Source Parameters
Input File Name                    : "top.prj"
Ignore Synthesis Constraint File   : NO

---- Target Parameters
Output File Name                   : "top"
Output Format                      : NGC
Target Device                      : xc7a100t-3-csg324

---- Source Options
Top Module Name                    : top
Automatic FSM Extraction           : YES
FSM Encoding Algorithm             : Auto
Safe Implementation                : No
FSM Style                          : LUT
RAM Extraction                     : Yes
RAM Style                          : Auto
ROM Extraction                     : Yes
Shift Register Extraction          : YES
ROM Style                          : Auto
Resource Sharing                   : YES
Asynchronous To Synchronous        : NO
Shift Register Minimum Size        : 2
Use DSP Block                      : Auto
Automatic Register Balancing       : No

---- Target Options
LUT Combining                      : Auto
Reduce Control Sets                : Auto
Add IO Buffers                     : YES
Global Maximum Fanout              : 100000
Add Generic Clock Buffer(BUFG)     : 32
Register Duplication               : YES
Optimize Instantiated Primitives   : NO
Use Clock Enable                   : Auto
Use Synchronous Set                : Auto
Use Synchronous Reset              : Auto
Pack IO Registers into IOBs        : Auto
Equivalent register Removal        : YES

---- General Options
Optimization Goal                  : Speed
Optimization Effort                : 1
Power Reduction                    : NO
Keep Hierarchy                     : No
Netlist Hierarchy                  : As_Optimized
RTL Output                         : Yes
Global Optimization                : AllClockNets
Read Cores                         : YES
Write Timing Constraints           : NO
Cross Clock Analysis               : NO
Hierarchy Separator                : /
Bus Delimiter                      : <>
Case Specifier                     : Maintain
Slice Utilization Ratio            : 100
BRAM Utilization Ratio             : 100
DSP48 Utilization Ratio            : 100
Auto BRAM Packing                  : NO
Slice Utilization Ratio Delta      : 5

=========================================================================


=========================================================================
*                          HDL Parsing                                  *
=========================================================================
Parsing VHDL file "/home/ise/ise/08-traffic_lights/traffic_lights/traffic_lights.vhd" into library work
Parsing entity <traffic_lights>.
Parsing architecture <Behavioral> of entity <traffic_lights>.
Parsing VHDL file "/home/ise/ise/08-traffic_lights/traffic_lights/clock_enable.vhd" into library work
Parsing entity <clock_enable>.
Parsing architecture <Behavioral> of entity <clock_enable>.
Parsing VHDL file "/home/ise/ise/08-traffic_lights/traffic_lights/top.vhd" into library work
Parsing entity <top>.
Parsing architecture <Behavioral> of entity <top>.

=========================================================================
*                            HDL Elaboration                            *
=========================================================================

Elaborating entity <top> (architecture <Behavioral>) from library <work>.

Elaborating entity <clock_enable> (architecture <Behavioral>) with generics from library <work>.

Elaborating entity <traffic_lights> (architecture <Behavioral>) from library <work>.
INFO:HDLCompiler:679 - "/home/ise/ise/08-traffic_lights/traffic_lights/traffic_lights.vhd" Line 99. Case statement is complete. others clause is never selected
INFO:HDLCompiler:679 - "/home/ise/ise/08-traffic_lights/traffic_lights/traffic_lights.vhd" Line 117. Case statement is complete. others clause is never selected

=========================================================================
*                           HDL Synthesis                               *
=========================================================================

Synthesizing Unit <top>.
    Related source file is "/home/ise/ise/08-traffic_lights/traffic_lights/top.vhd".
    Summary:
	no macro.
Unit <top> synthesized.

Synthesizing Unit <clock_enable>.
    Related source file is "/home/ise/ise/08-traffic_lights/traffic_lights/clock_enable.vhd".
        g_NPERIOD = "0010011100010000"
    Found 1-bit register for signal <clock_enable_o>.
    Found 16-bit register for signal <s_cnt>.
    Found 16-bit adder for signal <s_cnt[15]_GND_7_o_add_1_OUT> created at line 54.
    Found 16-bit comparator greater for signal <n0001> created at line 50
    Summary:
	inferred   1 Adder/Subtractor(s).
	inferred  17 D-type flip-flop(s).
	inferred   1 Comparator(s).
Unit <clock_enable> synthesized.

Synthesizing Unit <traffic_lights>.
    Related source file is "/home/ise/ise/08-traffic_lights/traffic_lights/traffic_lights.vhd".
    Found 3-bit register for signal <s_state>.
    Found 4-bit register for signal <s_cnt>.
    Found finite state machine <FSM_0> for signal <s_state>.
    -----------------------------------------------------------------------
    | States             | 6                                              |
    | Transitions        | 14                                             |
    | Inputs             | 2                                              |
    | Outputs            | 9                                              |
    | Clock              | clk_i (rising_edge)                            |
    | Reset              | srst_n_i_INV_6_o (positive)                    |
    | Reset type         | synchronous                                    |
    | Reset State        | northsouth_green                               |
    | Power Up State     | northsouth_green                               |
    | Encoding           | auto                                           |
    | Implementation     | LUT                                            |
    -----------------------------------------------------------------------
    Found 4-bit adder for signal <s_cnt[3]_GND_8_o_add_5_OUT> created at line 1241.
    Found 4-bit comparator greater for signal <s_cnt[3]_GND_8_o_LessThan_5_o> created at line 73
    Summary:
	inferred   1 Adder/Subtractor(s).
	inferred   4 D-type flip-flop(s).
	inferred   1 Comparator(s).
	inferred   2 Multiplexer(s).
	inferred   1 Finite State Machine(s).
Unit <traffic_lights> synthesized.

=========================================================================
HDL Synthesis Report

Macro Statistics
# Adders/Subtractors                                   : 2
 16-bit adder                                          : 1
 4-bit adder                                           : 1
# Registers                                            : 3
 1-bit register                                        : 1
 16-bit register                                       : 1
 4-bit register                                        : 1
# Comparators                                          : 2
 16-bit comparator greater                             : 1
 4-bit comparator greater                              : 1
# Multiplexers                                         : 2
 4-bit 2-to-1 multiplexer                              : 2
# FSMs                                                 : 1

=========================================================================

=========================================================================
*                       Advanced HDL Synthesis                          *
=========================================================================


Synthesizing (advanced) Unit <clock_enable>.
The following registers are absorbed into counter <s_cnt>: 1 register on signal <s_cnt>.
Unit <clock_enable> synthesized (advanced).

=========================================================================
Advanced HDL Synthesis Report

Macro Statistics
# Adders/Subtractors                                   : 1
 4-bit adder                                           : 1
# Counters                                             : 1
 16-bit up counter                                     : 1
# Registers                                            : 5
 Flip-Flops                                            : 5
# Comparators                                          : 2
 16-bit comparator greater                             : 1
 4-bit comparator greater                              : 1
# Multiplexers                                         : 2
 4-bit 2-to-1 multiplexer                              : 2
# FSMs                                                 : 1

=========================================================================

=========================================================================
*                         Low Level Synthesis                           *
=========================================================================
Analyzing FSM <MFsm> for best encoding.
Optimizing FSM <TRAFFIC_LIGHTS/FSM_0> on signal <s_state[1:3]> with user encoding.
-------------------------------
 State             | Encoding
-------------------------------
 northsouth_green  | 000
 northsouth_orange | 001
 bothred1          | 010
 eastwest_green    | 011
 eastwest_orange   | 100
 bothred2          | 101
-------------------------------

Optimizing unit <top> ...

Optimizing unit <traffic_lights> ...
WARNING:Xst:1293 - FF/Latch <s_cnt_3> has a constant value of 0 in block <traffic_lights>. This FF/Latch will be trimmed during the optimization process.
WARNING:Xst:1293 - FF/Latch <s_cnt_3> has a constant value of 0 in block <traffic_lights>. This FF/Latch will be trimmed during the optimization process.
WARNING:Xst:1293 - FF/Latch <CLK_EN/s_cnt_14> has a constant value of 0 in block <top>. This FF/Latch will be trimmed during the optimization process.
WARNING:Xst:1896 - Due to other FF/Latch trimming, FF/Latch <CLK_EN/s_cnt_15> has a constant value of 0 in block <top>. This FF/Latch will be trimmed during the optimization process.

Mapping all equations...
Building and optimizing final netlist ...
Found area constraint ratio of 100 (+ 5) on block top, actual ratio is 0.

Final Macro Processing ...

=========================================================================
Final Register Report

Macro Statistics
# Registers                                            : 21
 Flip-Flops                                            : 21

=========================================================================

=========================================================================
*                           Partition Report                            *
=========================================================================

Partition Implementation Status
-------------------------------

  No Partitions were found in this design.

-------------------------------

=========================================================================
*                            Design Summary                             *
=========================================================================

Top Level Output File Name         : top.ngc

Primitive and Black Box Usage:
------------------------------
# BELS                             : 69
#      GND                         : 1
#      INV                         : 2
#      LUT1                        : 13
#      LUT2                        : 12
#      LUT3                        : 4
#      LUT5                        : 4
#      LUT6                        : 5
#      MUXCY                       : 13
#      VCC                         : 1
#      XORCY                       : 14
# FlipFlops/Latches                : 21
#      FD                          : 7
#      FDR                         : 11
#      FDRE                        : 3
# Clock Buffers                    : 1
#      BUFGP                       : 1
# IO Buffers                       : 7
#      IBUF                        : 1
#      OBUF                        : 6

Device utilization summary:
---------------------------

Selected Device : 7a100tcsg324-3 


Slice Logic Utilization: 
 Number of Slice Registers:              21  out of  126800     0%  
 Number of Slice LUTs:                   40  out of  63400     0%  
    Number used as Logic:                40  out of  63400     0%  

Slice Logic Distribution: 
 Number of LUT Flip Flop pairs used:     40
   Number with an unused Flip Flop:      19  out of     40    47%  
   Number with an unused LUT:             0  out of     40     0%  
   Number of fully used LUT-FF pairs:    21  out of     40    52%  
   Number of unique control sets:         4

IO Utilization: 
 Number of IOs:                           8
 Number of bonded IOBs:                   8  out of    210     3%  

Specific Feature Utilization:
 Number of BUFG/BUFGCTRLs:                1  out of     32     3%  

---------------------------
Partition Resource Summary:
---------------------------

  No Partitions were found in this design.

---------------------------


=========================================================================
Timing Report

NOTE: THESE TIMING NUMBERS ARE ONLY A SYNTHESIS ESTIMATE.
      FOR ACCURATE TIMING INFORMATION PLEASE REFER TO THE TRACE REPORT
      GENERATED AFTER PLACE-and-ROUTE.

Clock Information:
------------------
-----------------------------------+------------------------+-------+
Clock Signal                       | Clock buffer(FF name)  | Load  |
-----------------------------------+------------------------+-------+
clk_i                              | BUFGP                  | 21    |
-----------------------------------+------------------------+-------+

Asynchronous Control Signals Information:
----------------------------------------
No asynchronous control signals found in this design

Timing Summary:
---------------
Speed Grade: -3

   Minimum period: 2.240ns (Maximum Frequency: 446.468MHz)
   Minimum input arrival time before clock: 1.483ns
   Maximum output required time after clock: 1.295ns
   Maximum combinational path delay: No path found

Timing Details:
---------------
All values displayed in nanoseconds (ns)

=========================================================================
Timing constraint: Default period analysis for Clock 'clk_i'
  Clock period: 2.240ns (frequency: 446.468MHz)
  Total number of paths / destination ports: 350 / 31
-------------------------------------------------------------------------
Delay:               2.240ns (Levels of Logic = 2)
  Source:            CLK_EN/s_cnt_7 (FF)
  Destination:       CLK_EN/s_cnt_9 (FF)
  Source Clock:      clk_i rising
  Destination Clock: clk_i rising

  Data Path: CLK_EN/s_cnt_7 to CLK_EN/s_cnt_9
                                Gate     Net
    Cell:in->out      fanout   Delay   Delay  Logical Name (Net Name)
    ----------------------------------------  ------------
     FDR:C->Q              2   0.361   0.697  CLK_EN/s_cnt_7 (CLK_EN/s_cnt_7)
     LUT6:I0->O            2   0.097   0.300  CLK_EN/n000122 (CLK_EN/n000121)
     LUT6:I5->O           14   0.097   0.339  CLK_EN/Mcount_s_cnt_val1 (CLK_EN/Mcount_s_cnt_val)
     FDR:R                     0.349          CLK_EN/s_cnt_9
    ----------------------------------------
    Total                      2.240ns (0.904ns logic, 1.336ns route)
                                       (40.4% logic, 59.6% route)

=========================================================================
Timing constraint: Default OFFSET IN BEFORE for Clock 'clk_i'
  Total number of paths / destination ports: 21 / 21
-------------------------------------------------------------------------
Offset:              1.483ns (Levels of Logic = 2)
  Source:            BTN0 (PAD)
  Destination:       CLK_EN/s_cnt_9 (FF)
  Destination Clock: clk_i rising

  Data Path: BTN0 to CLK_EN/s_cnt_9
                                Gate     Net
    Cell:in->out      fanout   Delay   Delay  Logical Name (Net Name)
    ----------------------------------------  ------------
     IBUF:I->O             2   0.001   0.697  BTN0_IBUF (BTN0_IBUF)
     LUT6:I0->O           14   0.097   0.339  CLK_EN/Mcount_s_cnt_val1 (CLK_EN/Mcount_s_cnt_val)
     FDR:R                     0.349          CLK_EN/s_cnt_9
    ----------------------------------------
    Total                      1.483ns (0.447ns logic, 1.036ns route)
                                       (30.1% logic, 69.9% route)

=========================================================================
Timing constraint: Default OFFSET OUT AFTER for Clock 'clk_i'
  Total number of paths / destination ports: 15 / 6
-------------------------------------------------------------------------
Offset:              1.295ns (Levels of Logic = 2)
  Source:            TRAFFIC_LIGHTS/s_state_FSM_FFd3 (FF)
  Destination:       LDW_4 (PAD)
  Source Clock:      clk_i rising

  Data Path: TRAFFIC_LIGHTS/s_state_FSM_FFd3 to LDW_4
                                Gate     Net
    Cell:in->out      fanout   Delay   Delay  Logical Name (Net Name)
    ----------------------------------------  ------------
     FDR:C->Q             11   0.361   0.558  TRAFFIC_LIGHTS/s_state_FSM_FFd3 (TRAFFIC_LIGHTS/s_state_FSM_FFd3)
     LUT3:I0->O            1   0.097   0.279  TRAFFIC_LIGHTS/s_state_FSM_FFd2-In21 (LDW_4_OBUF)
     OBUF:I->O                 0.000          LDW_4_OBUF (LDW_4)
    ----------------------------------------
    Total                      1.295ns (0.458ns logic, 0.837ns route)
                                       (35.4% logic, 64.6% route)

=========================================================================

Cross Clock Domains Report:
--------------------------

Clock to Setup on destination clock clk_i
---------------+---------+---------+---------+---------+
               | Src:Rise| Src:Fall| Src:Rise| Src:Fall|
Source Clock   |Dest:Rise|Dest:Rise|Dest:Fall|Dest:Fall|
---------------+---------+---------+---------+---------+
clk_i          |    2.240|         |         |         |
---------------+---------+---------+---------+---------+

=========================================================================


Total REAL time to Xst completion: 47.00 secs
Total CPU time to Xst completion: 41.80 secs
 
--> 


Total memory usage is 507988 kilobytes

Number of errors   :    0 (   0 filtered)
Number of warnings :    4 (   0 filtered)
Number of infos    :    0 (   0 filtered)

