Release 14.7 - xst P.20131013 (nt64)
Copyright (c) 1995-2013 Xilinx, Inc.  All rights reserved.
--> Parameter TMPDIR set to xst/projnav.tmp


Total REAL time to Xst completion: 0.00 secs
Total CPU time to Xst completion: 0.12 secs
 
--> Parameter xsthdpdir set to xst


Total REAL time to Xst completion: 0.00 secs
Total CPU time to Xst completion: 0.12 secs
 
--> Reading design: traffic.prj

TABLE OF CONTENTS
  1) Synthesis Options Summary
  2) HDL Parsing
  3) HDL Elaboration
  4) HDL Synthesis
       4.1) HDL Synthesis Report
  5) Advanced HDL Synthesis
       5.1) Advanced HDL Synthesis Report
  6) Low Level Synthesis
  7) Partition Report
  8) Design Summary
       8.1) Primitive and Black Box Usage
       8.2) Device utilization summary
       8.3) Partition Resource Summary
       8.4) Timing Report
            8.4.1) Clock Information
            8.4.2) Asynchronous Control Signals Information
            8.4.3) Timing Summary
            8.4.4) Timing Details
            8.4.5) Cross Clock Domains Report


=========================================================================
*                      Synthesis Options Summary                        *
=========================================================================
---- Source Parameters
Input File Name                    : "traffic.prj"
Ignore Synthesis Constraint File   : NO

---- Target Parameters
Output File Name                   : "traffic"
Output Format                      : NGC
Target Device                      : xc7a100t-3-csg324

---- Source Options
Top Module Name                    : traffic
Automatic FSM Extraction           : YES
FSM Encoding Algorithm             : Auto
Safe Implementation                : No
FSM Style                          : LUT
RAM Extraction                     : Yes
RAM Style                          : Auto
ROM Extraction                     : Yes
Shift Register Extraction          : YES
ROM Style                          : Auto
Resource Sharing                   : YES
Asynchronous To Synchronous        : NO
Shift Register Minimum Size        : 2
Use DSP Block                      : Auto
Automatic Register Balancing       : No

---- Target Options
LUT Combining                      : Auto
Reduce Control Sets                : Auto
Add IO Buffers                     : YES
Global Maximum Fanout              : 100000
Add Generic Clock Buffer(BUFG)     : 32
Register Duplication               : YES
Optimize Instantiated Primitives   : NO
Use Clock Enable                   : Auto
Use Synchronous Set                : Auto
Use Synchronous Reset              : Auto
Pack IO Registers into IOBs        : Auto
Equivalent register Removal        : YES

---- General Options
Optimization Goal                  : Speed
Optimization Effort                : 1
Power Reduction                    : NO
Keep Hierarchy                     : No
Netlist Hierarchy                  : As_Optimized
RTL Output                         : Yes
Global Optimization                : AllClockNets
Read Cores                         : YES
Write Timing Constraints           : NO
Cross Clock Analysis               : NO
Hierarchy Separator                : /
Bus Delimiter                      : <>
Case Specifier                     : Maintain
Slice Utilization Ratio            : 100
BRAM Utilization Ratio             : 100
DSP48 Utilization Ratio            : 100
Auto BRAM Packing                  : NO
Slice Utilization Ratio Delta      : 5

=========================================================================


=========================================================================
*                          HDL Parsing                                  *
=========================================================================
Parsing VHDL file "F:\projekty_de\traffic_lights\traffic_lights.vhd" into library work
Parsing entity <traffic>.
Parsing architecture <traffic> of entity <traffic>.

=========================================================================
*                            HDL Elaboration                            *
=========================================================================

Elaborating entity <traffic> (architecture <traffic>) from library <work>.
INFO:HDLCompiler:679 - "F:\projekty_de\traffic_lights\traffic_lights.vhd" Line 96. Case statement is complete. others clause is never selected

=========================================================================
*                           HDL Synthesis                               *
=========================================================================

Synthesizing Unit <traffic>.
    Related source file is "F:\projekty_de\traffic_lights\traffic_lights.vhd".
    Found 4-bit register for signal <s_cnt>.
    Found 3-bit register for signal <state>.
    Found finite state machine <FSM_0> for signal <state>.
    -----------------------------------------------------------------------
    | States             | 6                                              |
    | Transitions        | 12                                             |
    | Inputs             | 2                                              |
    | Outputs            | 9                                              |
    | Clock              | clk_i (rising_edge)                            |
    | Reset              | srst_n_i_INV_3_o (positive)                    |
    | Reset type         | synchronous                                    |
    | Reset State        | wg                                             |
    | Power Up State     | wg                                             |
    | Encoding           | auto                                           |
    | Implementation     | LUT                                            |
    -----------------------------------------------------------------------
    Found 4-bit adder for signal <s_cnt[3]_GND_6_o_add_21_OUT> created at line 1241.
    Found 4-bit comparator greater for signal <s_cnt[3]_PWR_6_o_LessThan_13_o> created at line 73
    Found 4-bit comparator greater for signal <s_cnt[3]_GND_6_o_LessThan_21_o> created at line 89
    Summary:
	inferred   1 Adder/Subtractor(s).
	inferred   4 D-type flip-flop(s).
	inferred   2 Comparator(s).
	inferred   3 Multiplexer(s).
	inferred   1 Finite State Machine(s).
Unit <traffic> synthesized.

=========================================================================
HDL Synthesis Report

Macro Statistics
# Adders/Subtractors                                   : 1
 4-bit adder                                           : 1
# Registers                                            : 1
 4-bit register                                        : 1
# Comparators                                          : 2
 4-bit comparator greater                              : 2
# Multiplexers                                         : 3
 4-bit 2-to-1 multiplexer                              : 3
# FSMs                                                 : 1

=========================================================================

=========================================================================
*                       Advanced HDL Synthesis                          *
=========================================================================


=========================================================================
Advanced HDL Synthesis Report

Macro Statistics
# Adders/Subtractors                                   : 1
 4-bit adder                                           : 1
# Registers                                            : 4
 Flip-Flops                                            : 4
# Comparators                                          : 2
 4-bit comparator greater                              : 2
# Multiplexers                                         : 3
 4-bit 2-to-1 multiplexer                              : 3
# FSMs                                                 : 1

=========================================================================

=========================================================================
*                         Low Level Synthesis                           *
=========================================================================
Analyzing FSM <MFsm> for best encoding.
Optimizing FSM <FSM_0> on signal <state[1:3]> with user encoding.
-------------------
 State | Encoding
-------------------
 wg    | 000
 stop1 | 001
 sr    | 010
 sg    | 011
 stop2 | 100
 wr    | 101
-------------------

Optimizing unit <traffic> ...

Mapping all equations...
Building and optimizing final netlist ...
Found area constraint ratio of 100 (+ 5) on block traffic, actual ratio is 0.

Final Macro Processing ...

=========================================================================
Final Register Report

Macro Statistics
# Registers                                            : 7
 Flip-Flops                                            : 7

=========================================================================

=========================================================================
*                           Partition Report                            *
=========================================================================

Partition Implementation Status
-------------------------------

  No Partitions were found in this design.

-------------------------------

=========================================================================
*                            Design Summary                             *
=========================================================================

Top Level Output File Name         : traffic.ngc

Primitive and Black Box Usage:
------------------------------
# BELS                             : 21
#      INV                         : 2
#      LUT2                        : 3
#      LUT3                        : 3
#      LUT5                        : 4
#      LUT6                        : 6
#      MUXF7                       : 3
# FlipFlops/Latches                : 7
#      FDR                         : 7
# Clock Buffers                    : 1
#      BUFGP                       : 1
# IO Buffers                       : 7
#      IBUF                        : 1
#      OBUF                        : 6

Device utilization summary:
---------------------------

Selected Device : 7a100tcsg324-3 


Slice Logic Utilization: 
 Number of Slice Registers:               7  out of  126800     0%  
 Number of Slice LUTs:                   18  out of  63400     0%  
    Number used as Logic:                18  out of  63400     0%  

Slice Logic Distribution: 
 Number of LUT Flip Flop pairs used:     18
   Number with an unused Flip Flop:      11  out of     18    61%  
   Number with an unused LUT:             0  out of     18     0%  
   Number of fully used LUT-FF pairs:     7  out of     18    38%  
   Number of unique control sets:         1

IO Utilization: 
 Number of IOs:                           8
 Number of bonded IOBs:                   8  out of    210     3%  

Specific Feature Utilization:
 Number of BUFG/BUFGCTRLs:                1  out of     32     3%  

---------------------------
Partition Resource Summary:
---------------------------

  No Partitions were found in this design.

---------------------------


=========================================================================
Timing Report

NOTE: THESE TIMING NUMBERS ARE ONLY A SYNTHESIS ESTIMATE.
      FOR ACCURATE TIMING INFORMATION PLEASE REFER TO THE TRACE REPORT
      GENERATED AFTER PLACE-and-ROUTE.

Clock Information:
------------------
-----------------------------------+------------------------+-------+
Clock Signal                       | Clock buffer(FF name)  | Load  |
-----------------------------------+------------------------+-------+
clk_i                              | BUFGP                  | 7     |
-----------------------------------+------------------------+-------+

Asynchronous Control Signals Information:
----------------------------------------
No asynchronous control signals found in this design

Timing Summary:
---------------
Speed Grade: -3

   Minimum period: 1.492ns (Maximum Frequency: 670.106MHz)
   Minimum input arrival time before clock: 1.050ns
   Maximum output required time after clock: 1.305ns
   Maximum combinational path delay: No path found

Timing Details:
---------------
All values displayed in nanoseconds (ns)

=========================================================================
Timing constraint: Default period analysis for Clock 'clk_i'
  Clock period: 1.492ns (frequency: 670.107MHz)
  Total number of paths / destination ports: 63 / 7
-------------------------------------------------------------------------
Delay:               1.492ns (Levels of Logic = 2)
  Source:            state_FSM_FFd3 (FF)
  Destination:       state_FSM_FFd2 (FF)
  Source Clock:      clk_i rising
  Destination Clock: clk_i rising

  Data Path: state_FSM_FFd3 to state_FSM_FFd2
                                Gate     Net
    Cell:in->out      fanout   Delay   Delay  Logical Name (Net Name)
    ----------------------------------------  ------------
     FDR:C->Q             13   0.361   0.749  state_FSM_FFd3 (state_FSM_FFd3)
     LUT6:I0->O            1   0.097   0.000  state_FSM_FFd2-In1_F (N5)
     MUXF7:I0->O           1   0.277   0.000  state_FSM_FFd2-In1 (state_FSM_FFd2-In)
     FDR:D                     0.008          state_FSM_FFd2
    ----------------------------------------
    Total                      1.492ns (0.743ns logic, 0.749ns route)
                                       (49.8% logic, 50.2% route)

=========================================================================
Timing constraint: Default OFFSET IN BEFORE for Clock 'clk_i'
  Total number of paths / destination ports: 7 / 7
-------------------------------------------------------------------------
Offset:              1.050ns (Levels of Logic = 2)
  Source:            srst_n_i (PAD)
  Destination:       s_cnt_0 (FF)
  Destination Clock: clk_i rising

  Data Path: srst_n_i to s_cnt_0
                                Gate     Net
    Cell:in->out      fanout   Delay   Delay  Logical Name (Net Name)
    ----------------------------------------  ------------
     IBUF:I->O             1   0.001   0.279  srst_n_i_IBUF (srst_n_i_IBUF)
     INV:I->O              7   0.113   0.307  srst_n_i_inv1_INV_0 (srst_n_i_inv)
     FDR:R                     0.349          s_cnt_0
    ----------------------------------------
    Total                      1.050ns (0.463ns logic, 0.587ns route)
                                       (44.1% logic, 55.9% route)

=========================================================================
Timing constraint: Default OFFSET OUT AFTER for Clock 'clk_i'
  Total number of paths / destination ports: 13 / 6
-------------------------------------------------------------------------
Offset:              1.305ns (Levels of Logic = 2)
  Source:            state_FSM_FFd3 (FF)
  Destination:       lights<5> (PAD)
  Source Clock:      clk_i rising

  Data Path: state_FSM_FFd3 to lights<5>
                                Gate     Net
    Cell:in->out      fanout   Delay   Delay  Logical Name (Net Name)
    ----------------------------------------  ------------
     FDR:C->Q             13   0.361   0.567  state_FSM_FFd3 (state_FSM_FFd3)
     LUT3:I0->O            1   0.097   0.279  state_lights<3>1 (lights_3_OBUF)
     OBUF:I->O                 0.000          lights_3_OBUF (lights<3>)
    ----------------------------------------
    Total                      1.305ns (0.458ns logic, 0.847ns route)
                                       (35.1% logic, 64.9% route)

=========================================================================

Cross Clock Domains Report:
--------------------------

Clock to Setup on destination clock clk_i
---------------+---------+---------+---------+---------+
               | Src:Rise| Src:Fall| Src:Rise| Src:Fall|
Source Clock   |Dest:Rise|Dest:Rise|Dest:Fall|Dest:Fall|
---------------+---------+---------+---------+---------+
clk_i          |    1.492|         |         |         |
---------------+---------+---------+---------+---------+

=========================================================================


Total REAL time to Xst completion: 13.00 secs
Total CPU time to Xst completion: 13.59 secs
 
--> 

Total memory usage is 4624640 kilobytes

Number of errors   :    0 (   0 filtered)
Number of warnings :    0 (   0 filtered)
Number of infos    :    0 (   0 filtered)

