V3 15
FL /home/lab661/Documents/xsigmu06/Digital-electronics-1/Labs/03-segment/hex_to_segment/hex_to_7seg.vhd 2020/02/20.08:21:06 P.20131013
EN work/hex_to_7seg 1582793723 \
      FL /home/lab661/Documents/xsigmu06/Digital-electronics-1/Labs/03-segment/hex_to_segment/hex_to_7seg.vhd \
      PB ieee/std_logic_1164 1381692176
AR work/hex_to_7seg/Behavioral 1582793724 \
      FL /home/lab661/Documents/xsigmu06/Digital-electronics-1/Labs/03-segment/hex_to_segment/hex_to_7seg.vhd \
      EN work/hex_to_7seg 1582793723
FL /home/lab661/Documents/xsigmu06/Digital-electronics-1/Labs/04-adder/binary_adder/full_adder.vhd 2020/02/27.08:31:55 P.20131013
EN work/full_adder 1582793721 \
      FL /home/lab661/Documents/xsigmu06/Digital-electronics-1/Labs/04-adder/binary_adder/full_adder.vhd \
      PB ieee/std_logic_1164 1381692176
AR work/full_adder/Behavioral 1582793722 \
      FL /home/lab661/Documents/xsigmu06/Digital-electronics-1/Labs/04-adder/binary_adder/full_adder.vhd \
      EN work/full_adder 1582793721 CP work/half_adder
FL /home/lab661/Documents/xsigmu06/Digital-electronics-1/Labs/04-adder/binary_adder/half_adder.vhd 2020/02/27.08:17:43 P.20131013
EN work/half_adder 1582793719 \
      FL /home/lab661/Documents/xsigmu06/Digital-electronics-1/Labs/04-adder/binary_adder/half_adder.vhd \
      PB ieee/std_logic_1164 1381692176
AR work/half_adder/Behavioral 1582793720 \
      FL /home/lab661/Documents/xsigmu06/Digital-electronics-1/Labs/04-adder/binary_adder/half_adder.vhd \
      EN work/half_adder 1582793719
FL /home/lab661/Documents/xsigmu06/Digital-electronics-1/Labs/04-adder/binary_adder/top.vhd 2020/02/27.09:49:01 P.20131013
EN work/top 1582793725 \
      FL /home/lab661/Documents/xsigmu06/Digital-electronics-1/Labs/04-adder/binary_adder/top.vhd \
      PB ieee/std_logic_1164 1381692176
AR work/top/Behavioral 1582793726 \
      FL /home/lab661/Documents/xsigmu06/Digital-electronics-1/Labs/04-adder/binary_adder/top.vhd \
      EN work/top 1582793725 CP work/full_adder CP work/hex_to_7seg
