Release 14.7 - xst P.20131013 (lin64)
Copyright (c) 1995-2013 Xilinx, Inc.  All rights reserved.
--> 
Parameter TMPDIR set to xst/projnav.tmp


Total REAL time to Xst completion: 0.00 secs
Total CPU time to Xst completion: 0.26 secs
 
--> 
Parameter xsthdpdir set to xst


Total REAL time to Xst completion: 0.00 secs
Total CPU time to Xst completion: 0.26 secs
 
--> 
Reading design: stopwatch.prj

TABLE OF CONTENTS
  1) Synthesis Options Summary
  2) HDL Compilation
  3) Design Hierarchy Analysis
  4) HDL Analysis
  5) HDL Synthesis
     5.1) HDL Synthesis Report
  6) Advanced HDL Synthesis
     6.1) Advanced HDL Synthesis Report
  7) Low Level Synthesis
  8) Partition Report
  9) Final Report

=========================================================================
*                      Synthesis Options Summary                        *
=========================================================================
---- Source Parameters
Input File Name                    : "stopwatch.prj"
Input Format                       : mixed
Ignore Synthesis Constraint File   : NO

---- Target Parameters
Output File Name                   : "stopwatch"
Output Format                      : NGC
Target Device                      : CoolRunner2 CPLDs

---- Source Options
Top Module Name                    : stopwatch
Automatic FSM Extraction           : YES
FSM Encoding Algorithm             : Auto
Safe Implementation                : No
Mux Extraction                     : Yes
Resource Sharing                   : YES

---- Target Options
Add IO Buffers                     : YES
MACRO Preserve                     : YES
XOR Preserve                       : YES
Equivalent register Removal        : YES

---- General Options
Optimization Goal                  : Speed
Optimization Effort                : 1
Keep Hierarchy                     : Yes
Netlist Hierarchy                  : As_Optimized
RTL Output                         : Yes
Hierarchy Separator                : /
Bus Delimiter                      : <>
Case Specifier                     : Maintain
Verilog 2001                       : YES

---- Other Options
Clock Enable                       : YES
wysiwyg                            : NO

=========================================================================


=========================================================================
*                          HDL Compilation                              *
=========================================================================
Compiling vhdl file "/home/ise/xsigmu06/07/stopwatch/stopwatch_counter.vhd" in Library work.
Entity <stopwatch> compiled.
Entity <stopwatch> (Architecture <behavioral>) compiled.

=========================================================================
*                     Design Hierarchy Analysis                         *
=========================================================================
Analyzing hierarchy for entity <stopwatch> in library <work> (architecture <behavioral>).


=========================================================================
*                            HDL Analysis                               *
=========================================================================
Analyzing Entity <stopwatch> in library <work> (Architecture <behavioral>).
Entity <stopwatch> analyzed. Unit <stopwatch> generated.


=========================================================================
*                           HDL Synthesis                               *
=========================================================================

Performing bidirectional port resolution...

Synthesizing Unit <stopwatch>.
    Related source file is "/home/ise/xsigmu06/07/stopwatch/stopwatch_counter.vhd".
    Found 4-bit up counter for signal <s_cnt0>.
    Found 4-bit comparator greatequal for signal <s_cnt0$cmp_ge0000> created at line 35.
    Found 4-bit up counter for signal <s_cnt1>.
    Found 4-bit comparator greatequal for signal <s_cnt1$cmp_ge0000> created at line 53.
    Found 4-bit up counter for signal <s_cnt2>.
    Found 4-bit comparator greatequal for signal <s_cnt2$cmp_ge0000> created at line 70.
    Found 4-bit up counter for signal <s_cnt3>.
    Found 4-bit comparator greatequal for signal <s_cnt3$cmp_ge0000> created at line 87.
    Summary:
	inferred   4 Counter(s).
	inferred   4 Comparator(s).
Unit <stopwatch> synthesized.


=========================================================================
HDL Synthesis Report

Macro Statistics
# Counters                                             : 4
 4-bit up counter                                      : 4
# Comparators                                          : 4
 4-bit comparator greatequal                           : 4

=========================================================================

=========================================================================
*                       Advanced HDL Synthesis                          *
=========================================================================


=========================================================================
Advanced HDL Synthesis Report

Macro Statistics
# Counters                                             : 4
 4-bit up counter                                      : 4

=========================================================================

=========================================================================
*                         Low Level Synthesis                           *
=========================================================================

Optimizing unit <stopwatch> ...
  implementation constraint: INIT=r	 : s_cnt3_3
  implementation constraint: INIT=r	 : s_cnt3_0
  implementation constraint: INIT=r	 : s_cnt3_1
  implementation constraint: INIT=r	 : s_cnt3_2
  implementation constraint: INIT=r	 : s_cnt0_2
  implementation constraint: INIT=r	 : s_cnt2_3
  implementation constraint: INIT=r	 : s_cnt2_0
  implementation constraint: INIT=r	 : s_cnt2_1
  implementation constraint: INIT=r	 : s_cnt2_2
  implementation constraint: INIT=r	 : s_cnt0_1
  implementation constraint: INIT=r	 : s_cnt1_3
  implementation constraint: INIT=r	 : s_cnt1_0
  implementation constraint: INIT=r	 : s_cnt1_1
  implementation constraint: INIT=r	 : s_cnt1_2
  implementation constraint: INIT=r	 : s_cnt0_0
  implementation constraint: INIT=r	 : s_cnt0_3

=========================================================================
*                           Partition Report                            *
=========================================================================

Partition Implementation Status
-------------------------------

  No Partitions were found in this design.

-------------------------------

=========================================================================
*                            Final Report                               *
=========================================================================
Final Results
RTL Top Level Output File Name     : stopwatch.ngr
Top Level Output File Name         : stopwatch
Output Format                      : NGC
Optimization Goal                  : Speed
Keep Hierarchy                     : Yes
Target Technology                  : CoolRunner2 CPLDs
Macro Preserve                     : YES
XOR Preserve                       : YES
Clock Enable                       : YES
wysiwyg                            : NO

Design Statistics
# IOs                              : 20

Cell Usage :
# BELS                             : 126
#      AND2                        : 37
#      AND3                        : 8
#      AND4                        : 7
#      GND                         : 1
#      INV                         : 48
#      OR2                         : 10
#      OR3                         : 3
#      XOR2                        : 12
# FlipFlops/Latches                : 16
#      FDCE                        : 16
# IO Buffers                       : 20
#      IBUF                        : 4
#      OBUF                        : 16
=========================================================================


Total REAL time to Xst completion: 25.00 secs
Total CPU time to Xst completion: 23.84 secs
 
--> 


Total memory usage is 517772 kilobytes

Number of errors   :    0 (   0 filtered)
Number of warnings :    0 (   0 filtered)
Number of infos    :    0 (   0 filtered)

