V3 7
FL /home/lab661/Documents/xsigmu06/Digital-electronics-1/Labs/03-segment/hex_to_segment/hex_to_7seg.vhd 2020/02/20.08:21:06 P.20131013
EN work/hex_to_7seg 1582187993 \
      FL /home/lab661/Documents/xsigmu06/Digital-electronics-1/Labs/03-segment/hex_to_segment/hex_to_7seg.vhd \
      PB ieee/std_logic_1164 1381692176
AR work/hex_to_7seg/Behavioral 1582187994 \
      FL /home/lab661/Documents/xsigmu06/Digital-electronics-1/Labs/03-segment/hex_to_segment/hex_to_7seg.vhd \
      EN work/hex_to_7seg 1582187993
FL /home/lab661/Documents/xsigmu06/Digital-electronics-1/Labs/03-segment/hex_to_segment/top.vhd 2020/02/20.09:39:48 P.20131013
EN work/top 1582187995 \
      FL /home/lab661/Documents/xsigmu06/Digital-electronics-1/Labs/03-segment/hex_to_segment/top.vhd \
      PB ieee/std_logic_1164 1381692176
AR work/top/Behavioral 1582187996 \
      FL /home/lab661/Documents/xsigmu06/Digital-electronics-1/Labs/03-segment/hex_to_segment/top.vhd \
      EN work/top 1582187995 CP work/hex_to_7seg
