EN hex_to_7seg NULL /home/ise/xsigmu06/06-display_driver/display_driver/hex_to_7seg.vhd sub00/vhpl05 1584733447
AR stopwatch behavioral /home/ise/xsigmu06/07/stopwatch/stopwatch_counter.vhd sub00/vhpl01 1584733450
EN driver_7seg NULL /home/ise/xsigmu06/06-display_driver/display_driver/driver_7seg.vhd sub00/vhpl04 1584733451
AR driver_7seg behavioral /home/ise/xsigmu06/06-display_driver/display_driver/driver_7seg.vhd sub00/vhpl07 1584733452
AR clock_enable behavioral /home/ise/xsigmu06/06-display_driver/display_driver/clock_enable.vhd sub00/vhpl03 1584733446
AR hex_to_7seg behavioral /home/ise/xsigmu06/06-display_driver/display_driver/hex_to_7seg.vhd sub00/vhpl06 1584733448
EN clock_enable NULL /home/ise/xsigmu06/06-display_driver/display_driver/clock_enable.vhd sub00/vhpl02 1584733445
EN stopwatch NULL /home/ise/xsigmu06/07/stopwatch/stopwatch_counter.vhd sub00/vhpl00 1584733449
